// Jest Snapshot v1, https://goo.gl/fbAQLP

exports[`Unit Test For Quote component Quote Component renders correctly 1`] = `
<p
  className="quote border"
>
  Mathematics is not about numbers, equations, computations, or algorithms: it is about understanding. -William Paul Thurston
</p>
`;
